# LeakReport
# from new @ |      size  # Pointer Addr
L 0x7f8228ce8d6a         120  # 0x1b843e0
L 0x7f8228ce7f39         160  # 0x1b84490
L 0x7f8228ce8d8c          16  # 0x1b84470
L 0x7f8228e8934b           8  # 0x1b86210
L 0x7f8228d479b5          16  # 0x1b85dd0
L 0x7f8228ceef52          96  # 0x1b84540
L 0x7f8228cf57ab           2  # 0x1c0f020
L 0x7f8228e8a03a          96  # 0x1bac8a0
L 0x7f8228cf57ab           2  # 0x1c0fca0
L 0x7f8228d4cd82          40  # 0x1b87f40
L 0x7f822946cfcf           8  # 0x1c11c40
L 0x7f822946cfcf           8  # 0x1c10fc0
L 0x7f822946d012           8  # 0x1c12700
L 0x7f8228cf57ab           2  # 0x1c12c80
L 0x7f8228cf57ab           2  # 0x1c12b90
L 0x7f8228d5e8ce          16  # 0x1c11ff0
L 0x7f822946d012           8  # 0x1c41270
L 0x7f8228cf57ab          72  # 0x1c24520
L 0x7f8228cf57ab          28  # 0x1c42c60
L 0x7f82292ff98a          96  # 0x1c41cc0
L 0x7f8228cf57ab          12  # 0x1c435a0
L 0x7f8228cf57ab           4  # 0x1c436e0
L 0x7f8228cf57ab          21  # 0x1c43670
L 0x7f822946cfcf           8  # 0x1c43030
L 0x7f8228cf57ab          72  # 0x1c450b0
L 0x7f8228cf57ab           3  # 0x1c44370
L 0x7f822946cfcf           8  # 0x1c44350
L 0x7f822946cfcf           8  # 0x1c45eb0
L 0x7f82293fd1ea         112  # 0x1c48420
L 0x7f8229835e31         456  # 0x1c48f50
L 0x7f822946cfcf           8  # 0x1c48560
L 0x7f82293fa87a         112  # 0x1c45ed0
L 0x7f822946cfcf           8  # 0x1c4bd90
L 0x7f822946cfcf           8  # 0x1c4c740
L 0x7f822946d0a2         280  # 0x1c4c440
L 0x7f8228cf57ab          72  # 0x1c49ce0
L 0x7f822946d012           8  # 0x1c4c840
L 0x7f82293fd1ea         112  # 0x1c4cb60
L 0x7f822946d012           8  # 0x1c4cf30
L 0x7f82293fd1ea         112  # 0x1c4cd70
L 0x7f82293fd1ea         112  # 0x1c4c860
L 0x7f82292a1c1a          32  # 0x1c4d3d0
L 0x7f82293fd1ea         112  # 0x1c4d8a0
L 0x7f82293fd1ea         112  # 0x1c4d9a0
L 0x7f82293fd1ea         112  # 0x1c4d920
L 0x7f822946d0a2         280  # 0x1c4d500
L 0x7f82293fd1ea         112  # 0x1c4cf50
L 0x7f82293fd1ea         112  # 0x1c4c760
L 0x7f8228cf57ab          60  # 0x1c456c0
L 0x7f822946cfcf           8  # 0x1c4db00
L 0x7f82293fd1ea         112  # 0x1c4dba0
L 0x7f82293fd1ea         112  # 0x1c4dc20
L 0x7f82293fd1ea         112  # 0x1c4e250
L 0x7f82293fd1ea         112  # 0x1c4dd20
L 0x7f82293fd1ea         112  # 0x1c4db20
L 0x7f82293fd1ea         112  # 0x1c4ec00
L 0x7f82293fd1ea         112  # 0x1c4ef00
L 0x7f82293fd1ea         112  # 0x1c4ed80
L 0x7f8228cf57ab           4  # 0x1c4f190
L 0x7f82293fd1ea         112  # 0x1c4f1b0
L 0x7f82293fd1ea         112  # 0x1c4ef80
L 0x7f822946cfcf           8  # 0x1c4f710
L 0x7f82293fd1ea         112  # 0x1c4f830
L 0x7f82293fd1ea         112  # 0x1c4f730
L 0x7f82293fd1ea         112  # 0x1c4fbe0
L 0x7f82293fd1ea         112  # 0x1c4fa30
L 0x7f82293fd1ea         112  # 0x1c4f2b0
L 0x7f82293fd1ea         112  # 0x1c4e350
L 0x7f822946cfcf           8  # 0x1c4fe10
L 0x7f82293fc8e3         112  # 0x1c4ffe0
L 0x7f82293fd1ea         112  # 0x1c4fe60
L 0x7f82293fc8e3         112  # 0x1c50560
L 0x7f82293fc8e3         112  # 0x1c506e0
L 0x7f82293fd1ea         112  # 0x1c50160
L 0x7f82293fd1ea         112  # 0x1c507e0
L 0x7f82293fd1ea         112  # 0x1c50760
L 0x7f82293fd1ea         112  # 0x1c4fd60
L 0x7f82293fd1ea         112  # 0x1c4da20
L 0x7f82162bbcd8          48  # 0x1c17810
L 0x7f82293fd1ea         112  # 0x1c508e0
L 0x7f82293fd1ea         112  # 0x1c50f90
L 0x7f82293fd1ea         112  # 0x1c50e90
L 0x7f82293fd1ea         112  # 0x1c51190
L 0x7f822946cfcf           8  # 0x1c51170
L 0x7f82293fd1ea         112  # 0x1c51090
L 0x7f8229947084         480  # 0x1c51e10
L 0x7f82292a59f5         136  # 0x1c51740
L 0x7f82293fd1ea         112  # 0x1c531c0
L 0x7f82293fd1ea         112  # 0x1c53140
L 0x7f82293fd1ea         112  # 0x1c532c0
L 0x7f82293fd1ea         112  # 0x1c53240
L 0x7f8228cf57ab           3  # 0x1c52d30
L 0x7f8228cf57ab          60  # 0x1c52ca0
L 0x7f82293fd1ea         112  # 0x1c533c0
L 0x7f82293fd1ea         112  # 0x1c53340
L 0x7f82293fd1ea         112  # 0x1c51290
L 0x7f82293fd1ea         112  # 0x1c50860
L 0x7f82293fd1ea         112  # 0x1c53540
L 0x7f82293fd1ea         112  # 0x1c53640
L 0x7f82293fd1ea         112  # 0x1c535c0
L 0x7f82293fd1ea         112  # 0x1c537c0
L 0x7f8228cf57ab          12  # 0x1c539e0
L 0x7f82293fd1ea         112  # 0x1c53840
L 0x7f82293fd1ea         112  # 0x1c536c0
L 0x7f822926e89a          64  # 0x1c54c40
L 0x7f822946d012           8  # 0x1c55070
L 0x7f822946cfcf           8  # 0x1c54e70
L 0x7f8228ec1ea8          16  # 0x1c547a0
L 0x7f822946d012           8  # 0x1c58580
L 0x7f822946d012           8  # 0x1c58a90
L 0x7f822946d012           8  # 0x1c58210
L 0x7f822946cfcf           8  # 0x1c58fa0
L 0x7f8228d5e8ce          16  # 0x1c59d80
L 0x7f822946d012           8  # 0x1c59e40
L 0x7f822946d012           8  # 0x1c59f20
L 0x7f822946cfcf           8  # 0x1c59010
L 0x7f822946cfcf           8  # 0x1c58d10
L 0x7f82293fd1ea         112  # 0x1c53440
L 0x7f8229810ac9         168  # 0x1c5d960
L 0x7f8228ebcf6a          32  # 0x1c5e1a0
L 0x7f822946d012           8  # 0x1c5ec50
L 0x7f822924b797          80  # 0x1c5e310
L 0x7f8228ebb5e2          48  # 0x1c600c0
L 0x7f822946d012           8  # 0x1c61530
L   0x4046d9          48  # 0x1c60080
L 0x7f8229947009        1536  # 0x1c5f6d0
L 0x7f822994b59a          88  # 0x1c65a70
L 0x7f822928253d         520  # 0x1c618d0
L 0x7f8229463449          32  # 0x1c660e0
L 0x7f82294b6aeb          72  # 0x1c662b0
L 0x7f822946d012           8  # 0x1c66210
L 0x7f822946cfcf           8  # 0x1c65e40
L 0x7f822924b797          80  # 0x1c66680
L 0x7f82292a1c1a          32  # 0x1c668c0
L 0x7f822946cfcf           8  # 0x1c666e0
L 0x7f8229463449          32  # 0x1c66ca0
L 0x7f82292a1c1a          32  # 0x1c66d00
L 0x7f8229463449          32  # 0x1c66f20
L 0x7f82292a1c1a          32  # 0x1c66db0
L 0x7f82292a1c1a          32  # 0x1c66920
L 0x7f82292a1c1a          32  # 0x1c67220
L 0x7f82292a1c1a          32  # 0x1c67590
L 0x7f8229463449          32  # 0x1c67430
L 0x7f8228ebcf6a          32  # 0x1c67a60
L 0x7f82292a1c1a          32  # 0x1c67750
L 0x7f8229463449          32  # 0x1c67670
L 0x7f82292a1c1a          32  # 0x1c68370
L 0x7f8229463449          32  # 0x1c689b0
L 0x7f82292a1c1a          32  # 0x1c67e60
L 0x7f8229463449          32  # 0x1c67170
L 0x7f822946d012           8  # 0x1c66370
L 0x7f8228ec2f06         112  # 0x1c615d0
L 0x7f82292a1c1a          32  # 0x1c7d530
L 0x7f822946d012           8  # 0x1c7db40
L 0x7f822946d1f2          80  # 0x1c7f4d0
L 0x7f82294b6cb1          72  # 0x1c7fcd0
L 0x7f822946d012           8  # 0x1c80340
L 0x7f822946d012           8  # 0x1c7ffc0
L 0x7f82294b6cb1          72  # 0x1c814e0
L 0x7f822946d012           8  # 0x1c80d10
L 0x7f822946cfcf           8  # 0x1c80670
L 0x7f8229463449          32  # 0x1c7ef70
L 0x7f822946d012           8  # 0x1c7d610
L 0x7f82292a1c1a          32  # 0x1c695b0
L 0x7f822946cfcf           8  # 0x1c5a2a0
L 0x7f822946cfcf           8  # 0x1c81b80
L 0x7f822946cfcf           8  # 0x1c81c80
L 0x7f822946cfcf           8  # 0x1c82280
L 0x7f822946d012           8  # 0x1c82380
L 0x7f822946d012           8  # 0x1c81e80
L 0x7f82294b6cb1          72  # 0x1c82700
L 0x7f822981a693         112  # 0x1c828b0
L 0x7f82292a1c1a          32  # 0x1c82470
L 0x7f822946cfcf           8  # 0x1c82e60
L 0x7f822946d1f2          80  # 0x1c82c10
L 0x7f822946d012           8  # 0x1c83650
L 0x7f822946d012           8  # 0x1c834c0
L 0x7f822946cfcf           8  # 0x1c82f60
L 0x7f822946d012           8  # 0x1c83850
L 0x7f8228d5e8ce          16  # 0x1c83aa0
L 0x7f822946d012           8  # 0x1c83f70
L 0x7f822946cfcf           8  # 0x1c83cc0
L 0x7f822946cfcf           8  # 0x1c83750
L 0x7f82293fd1ea         112  # 0x1c82a60
L 0x7f822946d054          56  # 0x1c84430
L 0x7f822946d054          56  # 0x1c84800
L 0x7f822946d054          56  # 0x1c84890
L 0x7f822946d012           8  # 0x1c84650
L 0x7f822924b797          80  # 0x1c84b40
L 0x7f82292a59f5         136  # 0x1c84ed0
L 0x7f822946d1f2          80  # 0x1c84ba0
L 0x7f822924b797          80  # 0x1c849d0
L 0x7f822946d054          56  # 0x1c851f0
L 0x7f822946d054          56  # 0x1c85960
L 0x7f822946d438        1536  # 0x1c85280
L 0x7f82292a59f5         136  # 0x1c85a60
L 0x7f822946d1f2          80  # 0x1c85ba0
L 0x7f82294bbc42         136  # 0x1c85b00
L 0x7f822946d012           8  # 0x1c859f0
L 0x7f822946d0a2         280  # 0x1c85ee0
L 0x7f822924b797          80  # 0x1c864b0
L 0x7f82294bbc42         136  # 0x1c865b0
L 0x7f82292a59f5         136  # 0x1c86510
L 0x7f82293fd1ea         112  # 0x1c86140
L 0x7f82294b6cb1          72  # 0x1c85c40
L 0x7f822924b797          80  # 0x1c85000
L 0x7f822946d012           8  # 0x1c84020
L 0x7f82293fd1ea         112  # 0x1c86820
L 0x7f82294b6cb1          72  # 0x1c86970
L 0x7f8229463449          32  # 0x1c873a0
L 0x7f822924b797          80  # 0x1c87990
L 0x7f82294bbc42         136  # 0x1c87a90
L 0x7f82292a59f5         136  # 0x1c879f0
L 0x7f82292a1c1a          32  # 0x1c86a70
L 0x7f8228ebcf6a          32  # 0x1c87f40
L 0x7f82294bbc42         136  # 0x1c88d50
L 0x7f8228ebf22a          72  # 0x1c87fc0
L 0x7f82294b6cb1          72  # 0x1c87b30
L 0x7f82292a59f5         136  # 0x1c89310
L 0x7f82292a59f5         136  # 0x1c89510
L 0x7f8228ebf22a          72  # 0x1c894b0
L 0x7f8229463449          32  # 0x1c89080
L 0x7f822946d054          56  # 0x1c89860
L 0x7f82294bbc42         136  # 0x1c89e10
L 0x7f822946d0a2         280  # 0x1c8a130
L 0x7f8229984a38          48  # 0x1c89eb0
L 0x7f822946d054          56  # 0x1c8a2c0
L 0x7f82294b6cb1          72  # 0x1c8a490
L 0x7f822946d054          56  # 0x1c8b0c0
L 0x7f822946d1f2          80  # 0x1c8ac90
L 0x7f822946d0a2         280  # 0x1c8ab60
L 0x7f822946d1f2          80  # 0x1c8a260
L 0x7f82297eb9a9         296  # 0x1c920a0
L 0x7f82292a1c1a          32  # 0x1c8eed0
L 0x7f822946d0a2         280  # 0x1c92890
L 0x7f82294b6cb1          72  # 0x1c923d0
L 0x7f82292a59f5         136  # 0x1c93320
L 0x7f822946d0a2         280  # 0x1c93460
L 0x7f82294bbc42         136  # 0x1c933c0
L 0x7f822946d054          56  # 0x1c935f0
L 0x7f82294bbc42         136  # 0x1c93990
L 0x7f822946d012           8  # 0x1c93640
L 0x7f82292a59f5         136  # 0x1c93b60
L 0x7f8228ec1f2a          48  # 0x1c93b20
L 0x7f822946d1f2          80  # 0x1c93590
L 0x7f822924b797          80  # 0x1c932c0
L 0x7f8229463449          32  # 0x1c8cff0
L 0x7f8228ebf22a          72  # 0x1c89800
L 0x7f82292a1c1a          32  # 0x1c94020
L 0x7f822924b797          80  # 0x1c942d0
L 0x7f8228ebb5e2          48  # 0x1c94050
L 0x7f82294bbc42         136  # 0x1c943d0
L 0x7f822946d054          56  # 0x1c94680
L 0x7f822946d054          56  # 0x1c94470
L 0x7f82292a59f5         136  # 0x1c94940
L 0x7f82299d8868         608  # 0x1c946d0
L 0x7f82292a59f5         136  # 0x1c94330
L 0x7f82294bbc42         136  # 0x1c95790
L 0x7f82294bbc42         136  # 0x1c95b80
L 0x7f822946d054          56  # 0x1c95830
L 0x7f8228ebf22a          72  # 0x1c97170
L 0x7f822946d012           8  # 0x1c97270
L 0x7f822946d054          56  # 0x1c97220
L 0x7f822946cfcf           8  # 0x1c976a0
L 0x7f822946d054          56  # 0x1c97460
L 0x7f8229984aa8         640  # 0x1c96d60
L 0x7f822946d438        1536  # 0x1c95180
L   0x4046f2          48  # 0x1c93c00
L 0x7f822946d054          56  # 0x1c97a60
L 0x7f82293fd1ea         112  # 0x1c97ed0
L 0x7f822924b797          80  # 0x1c98120
L 0x7f82294bbc42         136  # 0x1c98220
L 0x7f82292a59f5         136  # 0x1c98180
L 0x7f822946d1f2          80  # 0x1c98020
L 0x7f822946d1f2          80  # 0x1c983f0
L 0x7f82293fd1ea         112  # 0x1c984a0
L 0x7f822946d054          56  # 0x1c98450
L 0x7f8228d5e8ce          16  # 0x1c986b0
L 0x7f82293fd1ea         112  # 0x1c98b60
L 0x7f822924b797          80  # 0x1c98710
L 0x7f82294b6cb1          72  # 0x1c98520
L 0x7f822946d0a2         280  # 0x1c982c0
L 0x7f822924b797          80  # 0x1c98d50
L 0x7f8228ec1f1d          16  # 0x1c98f40
L 0x7f822946d1f2          80  # 0x1c98db0
L 0x7f822946d054          56  # 0x1c99430
L 0x7f822946d1f2          80  # 0x1c993d0
L 0x7f822924b797          80  # 0x1c99500
L 0x7f82293fd1ea         112  # 0x1c99480
L 0x7f82294bbc42         136  # 0x1c997a0
L 0x7f82292a59f5         136  # 0x1c99700
L 0x7f82292a59f5         136  # 0x1c99560
L 0x7f8228d5e8ce          16  # 0x1c98f60
L 0x7f822946d0a2         280  # 0x1c99a90
L 0x7f8229463449          32  # 0x1c99c20
L 0x7f822946d1f2          80  # 0x1c99bc0
L 0x7f822946d0a2         280  # 0x1c99cc0
L 0x7f8228ebf22a          72  # 0x1c9a060
L 0x7f82292a59f5         136  # 0x1c9a1c0
L 0x7f822924b797          80  # 0x1c9a160
L 0x7f822946cfcf           8  # 0x1c99f10
L 0x7f822946d0a2         280  # 0x1c9a300
L   0x404fde          32  # 0x1c9a490
L 0x7f822946d1f2          80  # 0x1c9a430
L 0x7f82294bbc42         136  # 0x1c9a260
L   0x404fce          32  # 0x1c99c50
L 0x7f82293fd1ea         112  # 0x1c99840
L 0x7f82292a59f5         136  # 0x1c98c20
L 0x7f822946cfcf           8  # 0x1c979c0
L 0x7f822946d0a2         280  # 0x1c86650
L 0x7f82293fd1ea         112  # 0x1c9a5d0
L 0x7f822946d012           8  # 0x1c9a7c0
L 0x7f822946d054          56  # 0x1c9a770
L 0x7f82293fd1ea         112  # 0x1c9b3e0
L 0x7f82292a59f5         136  # 0x1c9b500
L 0x7f82294b6cb1          72  # 0x1c9b5a0
L 0x7f822924b797          80  # 0x1c9b4a0
L 0x7f82293fd1ea         112  # 0x1c9af00
L   0x404ff6          96  # 0x1c9bbc0
L 0x7f82294b6cb1          72  # 0x1c9bd90
L 0x7f8229463449          32  # 0x1c9be60
L 0x7f82294b6cb1          72  # 0x1c9bc70
L 0x7f822924b797          80  # 0x1c9bf40
L 0x7f822946d1f2          80  # 0x1c9c040
L 0x7f82293fd1ea         112  # 0x1c9c0f0
L 0x7f822946d054          56  # 0x1c9c0a0
L 0x7f82294bbc42         136  # 0x1c9bfa0
L 0x7f822946d054          56  # 0x1c9c340
L 0x7f82294bbc42         136  # 0x1c9cba0
L 0x7f822946d012           8  # 0x1c9cc80
L 0x7f82293fd1ea         112  # 0x1c9c5b0
L 0x7f8229463449          32  # 0x1c9c170
L 0x7f8229463449          32  # 0x1c9bed0
L 0x7f822946cfcf           8  # 0x1c9b600
L 0x7f82294bbc42         136  # 0x1c9cdd0
L 0x7f82293fd1ea         112  # 0x1c9d020
L 0x7f822946cfcf           8  # 0x1c9d0e0
L 0x7f822946d0a2         280  # 0x1c9ceb0
L 0x7f822946d438        1536  # 0x1c9d250
L 0x7f822924b797          80  # 0x1c9db10
L 0x7f822946d0a2         280  # 0x1c9d860
L 0x7f822946cfcf           8  # 0x1c9de00
L 0x7f82292a1c1a          32  # 0x1c9dec0
L 0x7f82294bbc42         136  # 0x1c9de20
L 0x7f822946d1f2          80  # 0x1c9db70
L 0x7f82292a1c1a          32  # 0x1c9d1b0
L 0x7f822924b797          80  # 0x1c9dff0
L 0x7f82292a59f5         136  # 0x1c9e050
L 0x7f822946d054          56  # 0x1c9e350
L 0x7f82294b6cb1          72  # 0x1c9e420
L 0x7f82293fd1ea         112  # 0x1c9e3a0
L 0x7f822946d0a2         280  # 0x1c9e190
L 0x7f82293fd1ea         112  # 0x1c9def0
L 0x7f82294bbc42         136  # 0x1c9e910
L 0x7f822946d0a2         280  # 0x1c9e9f0
L 0x7f82294bbc42         136  # 0x1c9ec40
L 0x7f82292a59f5         136  # 0x1c9eb60
L 0x7f822946d0a2         280  # 0x1c9ed90
L 0x7f822946d0a2         280  # 0x1c9f510
L 0x7f822946d054          56  # 0x1c9f6a0
L 0x7f822946d1f2          80  # 0x1c9f640
L 0x7f82293fd1ea         112  # 0x1c9eed0
L 0x7f822924b797          80  # 0x1c9fcd0
L 0x7f822946d1f2          80  # 0x1c9fc20
L 0x7f82294bbc42         136  # 0x1c9fd30
L 0x7f822946d1f2          80  # 0x1c9fdd0
L 0x7f82292a1c1a          32  # 0x1c9f6f0
L 0x7f82294b6cb1          72  # 0x1c9ece0
L 0x7f82294bbc42         136  # 0x1c9e6e0
L 0x7f82292a59f5         136  # 0x1c9ccf0
L 0x7f82293fd1ea         112  # 0x1c9fe90
L 0x7f82292a59f5         136  # 0x1ca0370
L 0x7f822946d012           8  # 0x1ca0500
L 0x7f82294b6cb1          72  # 0x1ca0450
L 0x7f82294b6cb1          72  # 0x1c9ff10
L 0x7f82292a1c1a          32  # 0x1ca0a30
L 0x7f8229463449          32  # 0x1ca4330
L 0x7f8229463449          32  # 0x1ca1f80
L 0x7f82292a1c1a          32  # 0x1caae40
L 0x7f8229463449          32  # 0x1caf5a0
L 0x7f82292a1c1a          32  # 0x1cad1f0
L 0x7f82292a1c1a          32  # 0x1ca66e0
L 0x7f822946d1f2          80  # 0x1ca0520
L 0x7f82292a1c1a          32  # 0x1cb6210
L 0x7f8229463449          32  # 0x1cb63c0
L 0x7f8229463449          32  # 0x1cb62c0
L 0x7f8229463449          32  # 0x1cbfb00
L 0x7f822924b797          80  # 0x1cbfd10
L 0x7f82294bbc42         136  # 0x1cbfe10
L 0x7f82292a59f5         136  # 0x1cbfd70
L 0x7f82292a1c1a          32  # 0x1cc00b0
L 0x7f82292dff2a          16  # 0x1cc07b0
L 0x7f82293fd1ea         112  # 0x1cc04d0
L 0x7f822946d012           8  # 0x1cbfeb0
L 0x7f82292dff3f          24  # 0x1cbc800
L 0x7f8229463449          32  # 0x1cb1950
L 0x7f82292a59f5         136  # 0x1cc0a60
L 0x7f822946cfcf           8  # 0x1cc0e50
L 0x7f822946d054          56  # 0x1cc0d80
L 0x7f82292a59f5         136  # 0x1cc0b90
L 0x7f822924b797          80  # 0x1cc0fc0
L 0x7f82294bbc42         136  # 0x1cc10c0
L 0x7f82292a59f5         136  # 0x1cc1020
L 0x7f82292a1c1a          32  # 0x1cc1530
L 0x7f822946d054          56  # 0x1cc1fb0
L 0x7f82297eb9a9         296  # 0x1cc1c90
L 0x7f822946cfcf           8  # 0x1cc14c0
L 0x7f82293fd1ea         112  # 0x1cc0ee0
L 0x7f82294b6cb1          72  # 0x1cc0810
L 0x7f8228ec1f1d          16  # 0x1cc2380
L 0x7f822946d438        1536  # 0x1cc3c80
L 0x7f822946d0a2         280  # 0x1cc4330
L 0x7f82294bbc42         136  # 0x1cc4290
L 0x7f8228d5e8ce          16  # 0x1cc2400
L 0x7f822946d054          56  # 0x1cc44c0
L 0x7f822946d0a2         280  # 0x1cc4fd0
L 0x7f8229463449          32  # 0x1cc4570
L 0x7f82294b6cb1          72  # 0x1cc4510
L 0x7f822946d1f2          80  # 0x1cc4460
L 0x7f822946d0a2         280  # 0x1cc51b0
L 0x7f822946d1f2          80  # 0x1cc52e0
L 0x7f822981a75a         152  # 0x1cc5860
L 0x7f822924b797          80  # 0x1cc5340
L 0x7f822946d012           8  # 0x1cc6020
L 0x7f82292a1c1a          32  # 0x1cc5fb0
L 0x7f822924b797          80  # 0x1cc5e00
L 0x7f822946d0a2         280  # 0x1cc6290
L 0x7f822946d054          56  # 0x1cc6420
L 0x7f822946d1f2          80  # 0x1cc63c0
L 0x7f82294bbc42         136  # 0x1cc6580
L 0x7f822946d1f2          80  # 0x1cc6890
L 0x7f82294b6cb1          72  # 0x1cc6620
L 0x7f82293fd1ea         112  # 0x1cc6470
L 0x7f822946d1f2          80  # 0x1cc61f0
L 0x7f8229463449          32  # 0x1cc5100
L 0x7f822946cfcf           8  # 0x1cc2000
L 0x7f822946d012           8  # 0x1c9fe30
L 0x7f822946d054          56  # 0x1c9a500
L 0x7f822924b797          80  # 0x1c816e0
L 0x7f822946d0a2         280  # 0x1cc72c0
L 0x7f822924b797          80  # 0x1cc7450
L 0x7f822946d1f2          80  # 0x1cc73f0
L 0x7f82294b6cb1          72  # 0x1cc76a0
L 0x7f822946d438        1536  # 0x1cca180
L 0x7f822946d438        1536  # 0x1cc9b70
L 0x7f822946d0a2         280  # 0x1cc7570
L 0x7f822946d438        1536  # 0x1ccb540
L 0x7f822946d438        1536  # 0x1ccf580
L 0x7f822946d438        1536  # 0x1cccb60
L 0x7f822946d438        1536  # 0x1cca790
L 0x7f822946d438        1536  # 0x1cd01a0
L 0x7f822946d438        1536  # 0x1cd2570
L 0x7f822946d438        1536  # 0x1cd0f50
L 0x7f822946d438        1536  # 0x1cd55a0
L 0x7f822946d438        1536  # 0x1cd6960
L 0x7f82292a59f5         136  # 0x1cd6fd0
L 0x7f82294bbc42         136  # 0x1cd76c0
L 0x7f822946d438        1536  # 0x1cd7070
L 0x7f822924b797          80  # 0x1cd6f70
L 0x7f822946d438        1536  # 0x1cd5bb0
L 0x7f822946d438        1536  # 0x1cd4f90
L 0x7f822946d438        1536  # 0x1ccfb90
L 0x7f822946d438        1536  # 0x1cdb1b0
L 0x7f822946d438        1536  # 0x1cdbdd0
L 0x7f822946d438        1536  # 0x1cdb7c0
L 0x7f822946d438        1536  # 0x1cde1a0
L 0x7f822924b797          80  # 0x1ce11d0
L 0x7f822946d438        1536  # 0x1ce0bc0
L 0x7f822946d438        1536  # 0x1cdcb80
L 0x7f822946d438        1536  # 0x1ce12d0
L 0x7f822946d0a2         280  # 0x1ce1980
L 0x7f82294bbc42         136  # 0x1ce18e0
L 0x7f822946d054          56  # 0x1ce1b10
L 0x7f822924b797          80  # 0x1ce1be0
L 0x7f82293fd1ea         112  # 0x1ce1b60
L 0x7f822946d438        1536  # 0x1ce1ce0
L 0x7f82292a59f5         136  # 0x1ce1c40
L 0x7f822946d1f2          80  # 0x1ce1ab0
L 0x7f82292a59f5         136  # 0x1ce1230
L 0x7f822946d438        1536  # 0x1cd8790
L 0x7f822946d0a2         280  # 0x1ce23d0
L 0x7f822946d054          56  # 0x1ce2560
L 0x7f82292a1c1a          32  # 0x1ce2c50
L 0x7f82294b6cb1          72  # 0x1ce29c0
L 0x7f822946d1f2          80  # 0x1ce2500
L 0x7f82292a59f5         136  # 0x1ce2e80
L 0x7f82294bbc42         136  # 0x1ce3cd0
L 0x7f822946d438        1536  # 0x1ce36c0
L 0x7f822924b797          80  # 0x1ce2e20
L 0x7f822946d054          56  # 0x1ce3f00
L 0x7f822946d1f2          80  # 0x1ce3ea0
L 0x7f82292a1c1a          32  # 0x1ce4260
L 0x7f82294b6cb1          72  # 0x1ce3fd0
L 0x7f82293fd1ea         112  # 0x1ce3f50
L 0x7f82292a59f5         136  # 0x1ce4490
L 0x7f82294bbc42         136  # 0x1ce5b50
L 0x7f822946d438        1536  # 0x1ce5540
L 0x7f822924b797          80  # 0x1ce4430
L 0x7f822946d0a2         280  # 0x1ce3d70
L 0x7f822946d054          56  # 0x1ce5d80
L 0x7f822946d1f2          80  # 0x1ce5d20
L 0x7f82292a1c1a          32  # 0x1ce60e0
L 0x7f82294b6cb1          72  # 0x1ce5e50
L 0x7f82293fd1ea         112  # 0x1ce5dd0
L 0x7f82292a59f5         136  # 0x1ce6310
L 0x7f82294bbc42         136  # 0x1ce8dd0
L 0x7f822946d438        1536  # 0x1ce87c0
L 0x7f822924b797          80  # 0x1ce62b0
L 0x7f822946d054          56  # 0x1ce9000
L 0x7f822946d1f2          80  # 0x1ce8fa0
L 0x7f82294b6cb1          72  # 0x1ce90d0
L 0x7f82292a1c1a          32  # 0x1ce9390
L 0x7f82292a1c1a          32  # 0x1ce9130
L 0x7f82293fd1ea         112  # 0x1ce9050
L 0x7f82292a59f5         136  # 0x1ce95c0
L 0x7f82294bbc42         136  # 0x1ce9c70
L 0x7f822946d438        1536  # 0x1ce9660
L 0x7f822924b797          80  # 0x1ce9560
L 0x7f822946d0a2         280  # 0x1ce8e70
L 0x7f822946d0a2         280  # 0x1ce5bf0
L 0x7f82294bbc42         136  # 0x1ce2330
L 0x7f822946d1f2          80  # 0x1ce9e40
L 0x7f82293fd1ea         112  # 0x1ce9ef0
L 0x7f822946d054          56  # 0x1ce9ea0
L 0x7f82292a59f5         136  # 0x1ce9fd0
L 0x7f822924b797          80  # 0x1ce9f70
L 0x7f82294bbc42         136  # 0x1cea6c0
L 0x7f822946d1f2          80  # 0x1cea890
L 0x7f82294b6cb1          72  # 0x1cead50
L 0x7f822946d054          56  # 0x1cea8f0
L 0x7f822946d0a2         280  # 0x1cea760
L 0x7f822946d438        1536  # 0x1cea070
L 0x7f8229463449          32  # 0x1ceade0
L 0x7f822924b797          80  # 0x1ceb210
L 0x7f82292a1c1a          32  # 0x1ceb040
L 0x7f822946d438        1536  # 0x1cebab0
L 0x7f82292a59f5         136  # 0x1ceb270
L 0x7f822946d0a2         280  # 0x1cec160
L 0x7f822946d054          56  # 0x1cec2f0
L 0x7f82293fd1ea         112  # 0x1cec340
L 0x7f822946d1f2          80  # 0x1cec290
L 0x7f82294bbc42         136  # 0x1cec0c0
L 0x7f8229463449          32  # 0x1ceadb0
L 0x7f8229463449          32  # 0x1cec420
L 0x7f822924b797          80  # 0x1cec850
L 0x7f82292a1c1a          32  # 0x1cec680
L 0x7f822946d438        1536  # 0x1ced960
L 0x7f82292a59f5         136  # 0x1cec8b0
L 0x7f822946d0a2         280  # 0x1cee010
L 0x7f822946d054          56  # 0x1cee1a0
L 0x7f82293fd1ea         112  # 0x1cee1f0
L 0x7f822946d1f2          80  # 0x1cee140
L 0x7f82294bbc42         136  # 0x1cedf70
L 0x7f8229463449          32  # 0x1cee2d0
L 0x7f822924b797          80  # 0x1cee700
L 0x7f82292a1c1a          32  # 0x1cee530
L 0x7f822946d438        1536  # 0x1cf0c10
L 0x7f82292a59f5         136  # 0x1cee760
L 0x7f822946d0a2         280  # 0x1cf12c0
L 0x7f822946d054          56  # 0x1cf1450
L 0x7f82293fd1ea         112  # 0x1cf14a0
L 0x7f822946d1f2          80  # 0x1cf13f0
L 0x7f82294bbc42         136  # 0x1cf1220
L 0x7f82294b6cb1          72  # 0x1cee270
L 0x7f82294b6cb1          72  # 0x1cec3c0
L 0x7f82292a1c1a          32  # 0x1cf1580
L 0x7f822924b797          80  # 0x1cf19b0
L 0x7f82292a1c1a          32  # 0x1cf17e0
L 0x7f822946d438        1536  # 0x1cf1ab0
L 0x7f82292a59f5         136  # 0x1cf1a10
L 0x7f822946d0a2         280  # 0x1cf2160
L 0x7f822946d054          56  # 0x1cf22f0
L 0x7f822924b797          80  # 0x1cf23c0
L 0x7f82293fd1ea         112  # 0x1cf2340
L 0x7f822946d1f2          80  # 0x1cf2290
L 0x7f82294bbc42         136  # 0x1cf20c0
L 0x7f822946d438        1536  # 0x1cf24c0
L 0x7f822946d012           8  # 0x1cf2b30
L 0x7f822946cfcf           8  # 0x1cf2ad0
L 0x7f822946d0a2         280  # 0x1cf2bf0
L 0x7f82294b6cb1          72  # 0x1cf31e0
L 0x7f822946d054          56  # 0x1cf2d80
L 0x7f822946d1f2          80  # 0x1cf2d20
L 0x7f82294bbc42         136  # 0x1cf2b50
L 0x7f82292a59f5         136  # 0x1cf2420
L 0x7f8229463449          32  # 0x1cf3270
L 0x7f822946d012           8  # 0x1cf34f0
L 0x7f822946cfcf           8  # 0x1cf34d0
L 0x7f822946d0a2         280  # 0x1cf4e90
L 0x7f82292a1c1a          32  # 0x1cf3510
L 0x7f822946d054          56  # 0x1cf5020
L 0x7f82293fd1ea         112  # 0x1cf5070
L 0x7f8229463449          32  # 0x1cf5150
L 0x7f822946d012           8  # 0x1cf53b0
L 0x7f822946cfcf           8  # 0x1cf5390
L 0x7f82294b6cb1          72  # 0x1cf50f0
L 0x7f822946d1f2          80  # 0x1cf4fc0
L 0x7f822924b797          80  # 0x1cf55a0
L 0x7f822946d438        1536  # 0x1cf66b0
L 0x7f82292a59f5         136  # 0x1cf5600
L 0x7f822946d0a2         280  # 0x1cf6da0
L   0x40501e          64  # 0x1cf6f30
L 0x7f82293fd1ea         112  # 0x1cf6f80
L 0x7f822946d1f2          80  # 0x1cf6ed0
L 0x7f82294bbc42         136  # 0x1cf6d00
L 0x7f82292a1c1a          32  # 0x1cf53d0
L 0x7f8229463449          32  # 0x1cf3240
L 0x7f82294b6cb1          72  # 0x1cf1520
L 0x7f8229463449          32  # 0x1cf7060
L 0x7f822946d012           8  # 0x1cf72e0
L 0x7f822946cfcf           8  # 0x1cf72c0
L 0x7f822924b797          80  # 0x1cf74d0
L 0x7f82292a1c1a          32  # 0x1cf7300
L 0x7f822946d438        1536  # 0x1cf99e0
L 0x7f822946d0a2         280  # 0x1cfa0d0
L 0x7f82294bbc42         136  # 0x1cfa030
L 0x7f82292a59f5         136  # 0x1cf7530
L 0x7f82293fd1ea         112  # 0x1cfa2b0
L 0x7f82294b6cb1          72  # 0x1cfa330
L   0x40500a          72  # 0x1cfa9d0
L   0x40470a         136  # 0x1cfa8c0
L 0x7f82292810ac          20  # 0x1cfab80
L 0x7f8229981186          16  # 0x1cfab60
L 0x7f822946d1f2          80  # 0x1cfa200
L 0x7f8228ebf22a          72  # 0x1cfb490
L 0x7f82292810ac          20  # 0x1cfb450
L 0x7f8228ebf22a          72  # 0x1cfb520
L 0x7f8228ebf22a          72  # 0x1cfb580
L 0x7f8228ebcf6a          32  # 0x1cfb4f0
L 0x7f8228ebfba1          72  # 0x1cfbb80
L 0x7f8229835e31         456  # 0x1d05630
L 0x7f8228ebcf6a          32  # 0x1cfbbe0
L 0x7f8228ec1f2a          48  # 0x1d065a0
L 0x7f8228d5e8ce          16  # 0x1d06580
L 0x7f8228d5e8ce          16  # 0x1d066f0
L 0x7f8228ec1f1d          16  # 0x1d066a0
L 0x7f8228ec1ea8          16  # 0x1d06610
L 0x7f8228ec1f1d          16  # 0x1d06430
L 0x7f8228d5e8ce          16  # 0x1d06ab0
L 0x7f8228ebf22a          72  # 0x1d06b90
L 0x7f8228ec1ea8          16  # 0x1d06ad0
L 0x7f8228ebcf6a          32  # 0x1d06710
L 0x7f822981a693         112  # 0x1cfb8e0
L 0x7f8229981186          16  # 0x1cfabc0
L 0x7f82294b6cb1          72  # 0x1cf7000
L 0x7f822946d0a2         280  # 0x1ce9d10
L 0x7f822946d0a2         280  # 0x1cc6980
L 0x7f8228ec1f1d          16  # 0x1d08320
L 0x7f8228ebf22a          72  # 0x1d08390
L 0x7f8228d5e8ce          16  # 0x1d08370
L 0x7f8228d5e8ce          16  # 0x1d08770
L 0x7f8228ec1ea8          16  # 0x1d087c0
L 0x7f8228ebcf6a          32  # 0x1d08920
L 0x7f8228d5e8ce          16  # 0x1d08c70
L 0x7f8228ec1f2a          48  # 0x1d08950
L 0x7f8228ebf22a          72  # 0x1d088c0
L 0x7f8228ec1f2a          48  # 0x1d083f0
L 0x7f8228ebf22a          72  # 0x1d08dc0
L 0x7f8228ebcf6a          32  # 0x1d08e20
L 0x7f8228ebcf6a          32  # 0x1d08d20
L 0x7f8228ec1ea8          16  # 0x1d08cc0
L 0x7f8228ebf22a          72  # 0x1d1a3a0
L 0x7f8228ec1ea8          16  # 0x1dea5b0
L 0x7f8215ab6bb1          88  # 0x1db9150
L 0x7f822932afe2        1144  # 0x1d09030
L 0x7f8228ec1f1d          16  # 0x1eb9a90
L 0x7f8228d5e8ce          16  # 0x1ebb1d0
L 0x7f82297eb9a9         296  # 0x1eec220
L 0x7f8229973548         856  # 0x1ec19c0
L 0x7f8228ebf22a          72  # 0x1f1d8d0
L 0x7f8228ec1f1d          16  # 0x1ff2390
L 0x7f8229972221          24  # 0x1ff51a0
L 0x7f8228ebfba1          72  # 0x1ffa7a0
L 0x7f8228ec1f2a          48  # 0x2000940
L 0x7f8228d5e8ce          16  # 0x1ffb300
L 0x7f8228ebfba1          72  # 0x1ffa8e0
L 0x7f8228ebfba1          72  # 0x1fb1bc0
L 0x7f8228ebf22a          72  # 0x1eb7610
L 0x7f8228d3a184          48  # 0x2096ca0
L 0x7f8228d3a358         136  # 0x2096dd0
L 0x7f82299829ee          48  # 0x20b29b0
L 0x7f8228d5e8ce          16  # 0x20b52f0
L 0x7f8228ec1f1d          16  # 0x7f8210007370
L 0x7f82299721a3          16  # 0x20b5c10
L 0x7f8228d5e8ce          16  # 0x20b3c10
L 0x7f8228ebf22a          72  # 0x20b2b10
L 0x7f8228d3a184          48  # 0x20b2a50
L 0x7f8228ebfba1          72  # 0x20a9440
L 0x7f8228d3a358         136  # 0x2000a40
L 0x7f8228ebf22a          72  # 0x1d07460
# total allocation requests:  12488 ; max. mem used 288 kBytes
# leak 120775 Bytes	:-(
# .. that is 117 kByte!! A lot ..
WORK TIME - 00:03:00.73
